Loaded 2 cluster target(s).
[Pal 5] strategy: sparse
[Pal 5] querying Gaia DR3...
INFO: Query finished. [astroquery.utils.tap.core]
[Pal 5] Gaia query returned 1,513 stars in 4.9 s
[Pal 5] saved raw Gaia query: refilter_run\Pal_5_gaia_dr3_raw.csv
[Pal 5] raw stars: 1,513
[Pal 5] PM: error-aware window around literature PM
[Pal 5] stars after quality cuts: 1,083
[Pal 5] members: 300 (27.7%)  [2.6 s]
[NGC 6544] strategy: crowded
[NGC 6544] querying Gaia DR3...
INFO: Query finished. [astroquery.utils.tap.core]
[NGC 6544] Gaia query returned 92,248 stars in 31.1 s
[NGC 6544] saved raw Gaia query: refilter_run\NGC_6544_gaia_dr3_raw.csv
[NGC 6544] raw stars: 92,248
[NGC 6544] PM: GMM(3) anchored, component at 0.03 mas/yr from literature PM
[NGC 6544] spatial: no central concentration in Gaia counts (crowding-limited core?) -> PM-only
[NGC 6544] stars after quality cuts: 88,258
[NGC 6544] members: 6,664 (7.6%)  [37.9 s]

Batch summary saved: refilter_run\batch_summary.csv
